// Jest Snapshot v1, https://goo.gl/fbAQLP

exports[`<Menu /> should match snapshot 1`] = `
<div>
  <button
    aria-label="Open or close menu"
    class="sc-1d7c7eec-3 hSTNDk"
    title="Open or close menu"
  >
    <svg
      aria-hidden="true"
      aria-label="Open menu"
      class="StyledIconBase-sc-ea9ulj-0 kAmBDe"
      fill="currentColor"
      focusable="false"
      viewBox="0 0 24 24"
      xmlns="http://www.w3.org/2000/svg"
    >
      <path
        d="M3 18h18v-2H3v2zm0-5h18v-2H3v2zm0-7v2h18V6H3z"
      />
    </svg>
  </button>
  <div
    aria-hidden="true"
    class="sc-1d7c7eec-0 gHnYZA"
  >
    <nav
      class="sc-1d7c7eec-1 dfZoZt"
    >
      <div
        class="sc-1d7c7eec-2 fgrZaP"
      >
        <a
          href="/"
          target="_self"
        >
          <div
            class="sc-d76a3d34-1 jbTDAv"
          >
            <img
              alt="Console.Blog"
              class="sc-d76a3d34-2 gsyyHr"
              src="https://res.cloudinary.com/dfmbf9sae/image/upload/v1683608645/carta_410436ad20.jpg"
            />
          </div>
        </a>
      </div>
      <a
        class="sc-6d3caf5b-0 gZhbvo"
        href="#link1"
        target="_self"
      >
        Link1
      </a>
      <a
        class="sc-6d3caf5b-0 gZhbvo"
        href="#link2"
        target="_self"
      >
        Link2
      </a>
      <a
        class="sc-6d3caf5b-0 gZhbvo"
        href="#link3"
        target="_self"
      >
        Link3
      </a>
    </nav>
  </div>
</div>
`;
