// Jest Snapshot v1, https://goo.gl/fbAQLP

exports[`<Heading /> should match snapshot 1`] = `
<h6
  class="sc-45008c58-0 dhOwRC"
>
  texto
</h6>
`;
